// Jest Snapshot v1, https://goo.gl/fbAQLP

exports[`testing Navbar component should button click change state 1`] = `ShallowWrapper {}`;
