// Jest Snapshot v1, https://goo.gl/fbAQLP

exports[`LoginForm testing take form snapshot 1`] = `ShallowWrapper {}`;
